---
source: tests/snapshot_tests.rs
expression: "serde_json::json!({\n    \"success\":\n    parsed.get(\"success\").and_then(|v| v.as_bool()).unwrap_or(false),\n    \"pending_count\":\n    parsed.get(\"pending\").and_then(|v|\n    v.as_array()).map(|a| a.len()).unwrap_or(0),\n})"
---
{
  "pending_count": 0,
  "success": true
}
